population share: novel 10.1%  regular 33.7%  middle 33.7%  pod 2.0%  ring 6.7%  beneficiary 0.2%  sybil 13.5%
naive (free like+love) share, full run: novel 18.1%  regular 13.5%  middle 3.3%  pod 1.5%  ring 60.6%  beneficiary 3.0%  sybil 0.0%

scenario              farm mint   made-by-farm     novel   regular    middle       pod      ring   benefic     sybil
s_full                  8.9% ±0.2%    0.1% ±0.0%     39.9%     38.7%      6.1%      6.5%      8.7%      0.2%      0.0%
s_no_dwell              9.2% ±0.2%    0.5% ±0.1%     38.8%     38.5%      6.2%      7.4%      9.0%      0.2%      0.0%
s_raw_dwell             9.4% ±0.3%    0.5% ±0.1%     39.3%     37.8%      6.2%      7.2%      9.3%      0.2%      0.0%
s_no_escape            12.8% ±0.3%    5.0% ±0.1%     37.0%     36.6%      5.6%      8.0%     12.6%      0.2%      0.0%
s_no_dwell_escape      83.0% ±0.3%   82.1% ±0.3%      7.2%      7.5%      1.3%      1.1%     83.0%      0.0%      0.0%
s_no_trust              9.5% ±0.3%    0.1% ±0.0%     38.3%     41.1%      6.8%      4.3%      9.3%      0.2%      0.0%
s_no_burn               8.5% ±0.2%    0.0% ±0.0%     39.9%     37.9%      5.8%      7.8%      8.3%      0.2%      0.0%
s_no_bridging           8.5% ±0.4%    0.1% ±0.0%     38.5%     37.4%      5.7%      9.9%      8.3%      0.2%      0.0%
s_uniform_seed          9.2% ±0.3%    0.1% ±0.0%     38.9%     39.4%      6.6%      5.9%      9.0%      0.2%      0.0%
c_full                  9.0% ±0.4%    0.5% ±0.1%     39.8%     38.9%      6.1%      6.2%      8.8%      0.2%      0.0%
c_no_escape            85.4% ±0.7%   84.6% ±0.7%      6.2%      6.4%      1.1%      1.0%     85.4%      0.0%      0.0%
c_no_trust              9.9% ±0.2%    0.7% ±0.1%     39.1%     39.4%      6.9%      4.7%      9.7%      0.2%      0.0%
c_no_burn               8.4% ±0.4%    0.0% ±0.0%     39.9%     38.8%      6.2%      6.8%      8.2%      0.2%      0.0%
c_no_bridging           8.9% ±0.2%    0.6% ±0.2%     38.8%     37.6%      5.9%      8.8%      8.7%      0.2%      0.0%
c_uniform_seed          9.6% ±0.3%    0.8% ±0.2%     38.8%     39.1%      6.3%      6.2%      9.4%      0.2%      0.0%
c_static_seed           9.7% ±0.2%    0.9% ±0.1%     39.0%     38.3%      6.5%      6.6%      9.5%      0.2%      0.0%
c_mimic                 7.9% ±0.3%   10.4% ±0.4%     37.1%     40.1%      8.9%      6.0%      7.7%      0.2%      0.0%
c_mimic_no_escape       7.5% ±0.3%    9.7% ±0.6%     38.1%     38.8%      8.4%      7.3%      7.3%      0.2%      0.0%
full                    2.5% ±0.1%    0.0% ±0.0%     42.4%     41.1%      6.5%      7.4%      2.4%      0.1%      0.0%
careful                 2.5% ±0.0%    0.0% ±0.0%     41.9%     41.5%      6.7%      7.4%      2.5%      0.1%      0.0%
mimic                   2.5% ±0.1%    2.0% ±0.1%     40.6%     41.9%      7.0%      8.0%      2.5%      0.1%      0.0%
moderator_0.6           3.5% ±0.2%    0.0% ±0.0%     41.7%     40.9%      6.6%      7.4%      3.3%      0.1%      0.0%
filler_0.15             0.6% ±0.0%    0.0% ±0.0%     43.3%     42.2%      6.5%      7.4%      0.6%      0.0%      0.0%
filler_0.45             3.8% ±0.1%    0.0% ±0.0%     41.7%     41.0%      6.5%      7.0%      3.7%      0.1%      0.0%
s_filler_0.15           2.5% ±0.1%    0.0% ±0.0%     42.0%     41.7%      6.7%      7.1%      2.4%      0.1%      0.0%
s_filler_0.45          12.8% ±0.1%    0.1% ±0.0%     38.0%     37.0%      5.9%      6.3%     12.5%      0.3%      0.0%
no_allowance            3.2% ±0.1%    0.0% ±0.0%     41.4%     40.9%      6.4%      8.0%      3.1%      0.1%      0.0%
